// Jest Snapshot v1, https://goo.gl/fbAQLP

exports[`Sample task tests returns expected scan summary and footer (ignoring user agent) 1`] = `
"-------------------
Scan summary
URLs: 1 with failures, 0 passed, 0 not scannable
Rules: 5 with failures, 14 passed, 36 not applicable

-------------------
This scan used axe-core 4.7.2"
`;
