// Jest Snapshot v1, https://goo.gl/fbAQLP

exports[`ResultMarkdownBuilder builds content with failures 1`] = `
"### ![Accessibility Insights](https://accessibilityinsights.io/img/a11yinsights-blue.svg) Accessibility Insights Action
* **URLs**: 5 URL(s) failed, 1 URL(s) passed, and 7 were not scannable
* **Rules**: 4 check(s) failed, 1 check(s) passed, and 2 were not applicable
* Download the **Accessibility Insights artifact** to view the detailed results of these checks
#### Failed instances
* **3 × rule id**:  rule description
* **1 × rule id 2**:  rule description 2

---
This scan used [axe-core axeVersion](https://github.com/dequelabs/axe-core/releases/tag/vaxeVersion) with userAgent."
`;

exports[`ResultMarkdownBuilder builds content with no failures 1`] = `
"### ![Accessibility Insights](https://accessibilityinsights.io/img/a11yinsights-blue.svg) Accessibility Insights Action: All applicable checks passed
* **URLs**: 1 URL(s) passed, and 7 were not scannable
* **Rules**: 1 check(s) passed, and 2 were not applicable
* Download the **Accessibility Insights artifact** to view the detailed results of these checks
---
This scan used [axe-core axeVersion](https://github.com/dequelabs/axe-core/releases/tag/vaxeVersion) with userAgent."
`;

exports[`ResultMarkdownBuilder builds error content 1`] = `
"### ![Accessibility Insights](https://accessibilityinsights.io/img/a11yinsights-blue.svg) Accessibility Insights Action: Something went wrong
You can review the log to troubleshoot the issue. Fix it and re-run the workflow to run the automated accessibility checks again.

---
"
`;
