// Jest Snapshot v1, https://goo.gl/fbAQLP

exports[`ResultConsoleLogBuilder builds content with failures 1`] = `
"Accessibility Insights
* URLs: 5 URL(s) failed, 1 URL(s) passed, and 7 were not scannable
* Rules: 2 check(s) failed, 1 check(s) passed, and 2 were not applicable
* Download the Accessibility Insights artifact to view the detailed results of these checks
Failed instances
* 3 × rule id:  rule description
* 1 × rule id 2:  rule description 2

-------------------
This scan used axe-core axeVersion (https://github.com/dequelabs/axe-core/releases/tag/vaxeVersion) with userAgent.
"
`;

exports[`ResultConsoleLogBuilder builds content with no failures 1`] = `
"Accessibility Insights: All applicable checks passed
* URLs: 1 URL(s) passed, and 7 were not scannable
* Rules: 1 check(s) passed, and 2 were not applicable
* Download the Accessibility Insights artifact to view the detailed results of these checks
-------------------
This scan used axe-core axeVersion (https://github.com/dequelabs/axe-core/releases/tag/vaxeVersion) with userAgent.
"
`;

exports[`ResultConsoleLogBuilder builds content with title 1`] = `
"some title
Accessibility Insights: All applicable checks passed
* URLs: 1 URL(s) passed, and 7 were not scannable
* Rules: 1 check(s) passed, and 2 were not applicable
* Download the Accessibility Insights artifact to view the detailed results of these checks
-------------------
This scan used axe-core axeVersion (https://github.com/dequelabs/axe-core/releases/tag/vaxeVersion) with userAgent.
"
`;

exports[`ResultConsoleLogBuilder builds error content 1`] = `
"Accessibility Insights: Something went wrong
You can review the log to troubleshoot the issue. Fix it and re-run the pipeline to run the automated accessibility checks again.

-------------------
"
`;

exports[`ResultConsoleLogBuilder with baseline builds content when baseline failures and scanned failures are the same (no new failures) 1`] = `
"
Accessibility Insights

No new failures
No failures were detected by automatic scanning except those which exist in the baseline.

Next step: Manually assess keyboard accessibility with Accessibility Insights Tab Stops (https://accessibilityinsights.io/docs/en/web/getstarted/fastpass/#complete-the-manual-test-for-tab-stops)

6 failure instances in baseline
(not shown; see baselining docs (https://github.com/microsoft/accessibility-insights-action/blob/main/docs/ado-extension-usage.md#using-a-baseline-file))

See all failures and scan details by downloading the report from run artifacts (artifacts-url)

-------------------
Scan summary
URLs: 5 with failures, 1 passed, 7 not scannable
Rules: 2 with failures, 1 passed, 2 not applicable

-------------------
This scan used axe-core axeVersion (https://github.com/dequelabs/axe-core/releases/tag/vaxeVersion) with userAgent.
"
`;

exports[`ResultConsoleLogBuilder with baseline builds content when some baseline failures have been fixed and some new ones have been introduced 1`] = `
"
Accessibility Insights
3 failure instances from baseline no longer exist:
* (2) rule id
* (1) rule id 2

1 failure instances not in baseline
* (1) rule id:  rule description

9 failure instances in baseline
(not shown; see baselining docs (https://github.com/microsoft/accessibility-insights-action/blob/main/docs/ado-extension-usage.md#using-a-baseline-file) for how to integrate your changes into the baseline)

See all failures and scan details by downloading the report from run artifacts (artifacts-url)

-------------------
Scan summary
URLs: 5 with failures, 1 passed, 7 not scannable
Rules: 2 with failures, 1 passed, 2 not applicable

-------------------
This scan used axe-core axeVersion (https://github.com/dequelabs/axe-core/releases/tag/vaxeVersion) with userAgent.
"
`;

exports[`ResultConsoleLogBuilder with baseline builds content when some baseline failures have been fixed and some still occur 1`] = `
"
Accessibility Insights
3 failure instances from baseline no longer exist:
* (2) rule id
* (1) rule id 2

0 failure instances not in baseline

9 failure instances in baseline
(not shown; see baselining docs (https://github.com/microsoft/accessibility-insights-action/blob/main/docs/ado-extension-usage.md#using-a-baseline-file) for how to integrate your changes into the baseline)

See all failures and scan details by downloading the report from run artifacts (artifacts-url)

-------------------
Scan summary
URLs: 5 with failures, 1 passed, 7 not scannable
Rules: 2 with failures, 1 passed, 2 not applicable

-------------------
This scan used axe-core axeVersion (https://github.com/dequelabs/axe-core/releases/tag/vaxeVersion) with userAgent.
"
`;

exports[`ResultConsoleLogBuilder with baseline builds content when there are baseline failures and new failures 1`] = `
"
Accessibility Insights

4 failure instances not in baseline
* (3) rule id:  rule description
* (1) rule id 2:  rule description 2

2 failure instances in baseline
(not shown; see baselining docs (https://github.com/microsoft/accessibility-insights-action/blob/main/docs/ado-extension-usage.md#using-a-baseline-file) for how to integrate your changes into the baseline)

See all failures and scan details by downloading the report from run artifacts (artifacts-url)

-------------------
Scan summary
URLs: 5 with failures, 1 passed, 7 not scannable
Rules: 2 with failures, 1 passed, 2 not applicable

-------------------
This scan used axe-core axeVersion (https://github.com/dequelabs/axe-core/releases/tag/vaxeVersion) with userAgent.
"
`;

exports[`ResultConsoleLogBuilder with baseline builds content when there are baseline failures and no additional failures 1`] = `
"
Accessibility Insights

No new failures
No failures were detected by automatic scanning except those which exist in the baseline.

Next step: Manually assess keyboard accessibility with Accessibility Insights Tab Stops (https://accessibilityinsights.io/docs/en/web/getstarted/fastpass/#complete-the-manual-test-for-tab-stops)

1 failure instances in baseline
(not shown; see baselining docs (https://github.com/microsoft/accessibility-insights-action/blob/main/docs/ado-extension-usage.md#using-a-baseline-file))

See all failures and scan details by downloading the report from run artifacts (artifacts-url)

-------------------
Scan summary
URLs: 0 with failures, 1 passed, 7 not scannable
Rules: 0 with failures, 1 passed, 2 not applicable

-------------------
This scan used axe-core axeVersion (https://github.com/dequelabs/axe-core/releases/tag/vaxeVersion) with userAgent.
"
`;

exports[`ResultConsoleLogBuilder with baseline builds content when there are new failures and no baseline detected 1`] = `
"
Accessibility Insights

6 failure instances
* (5) rule id:  rule description
* (1) rule id 2:  rule description 2

Baseline not detected
To update the baseline with these changes, copy the updated baseline file to scan arguments (artifacts-url). See baselining docs (https://github.com/microsoft/accessibility-insights-action/blob/main/docs/ado-extension-usage.md#using-a-baseline-file) for more.

See all failures and scan details by downloading the report from run artifacts (artifacts-url)

-------------------
Scan summary
URLs: 5 with failures, 1 passed, 7 not scannable
Rules: 2 with failures, 1 passed, 2 not applicable

-------------------
This scan used axe-core axeVersion (https://github.com/dequelabs/axe-core/releases/tag/vaxeVersion) with userAgent.
"
`;

exports[`ResultConsoleLogBuilder with baseline builds content when there are new failures and no baseline failures 1`] = `
"
Accessibility Insights

6 failure instances
* (5) rule id:  rule description
* (1) rule id 2:  rule description 2

Baseline not detected
To update the baseline with these changes, copy the updated baseline file to scan arguments (artifacts-url). See baselining docs (https://github.com/microsoft/accessibility-insights-action/blob/main/docs/ado-extension-usage.md#using-a-baseline-file) for more.

See all failures and scan details by downloading the report from run artifacts (artifacts-url)

-------------------
Scan summary
URLs: 5 with failures, 1 passed, 7 not scannable
Rules: 2 with failures, 1 passed, 2 not applicable

-------------------
This scan used axe-core axeVersion (https://github.com/dequelabs/axe-core/releases/tag/vaxeVersion) with userAgent.
"
`;

exports[`ResultConsoleLogBuilder with baseline builds content when there are no baseline failures and no new failures 1`] = `
"
Accessibility Insights

No failures detected
No failures were detected by automatic scanning.

Next step: Manually assess keyboard accessibility with Accessibility Insights Tab Stops (https://accessibilityinsights.io/docs/en/web/getstarted/fastpass/#complete-the-manual-test-for-tab-stops)



See scan details by downloading the report from run artifacts (artifacts-url)

-------------------
Scan summary
URLs: 0 with failures, 1 passed, 7 not scannable
Rules: 0 with failures, 1 passed, 2 not applicable

-------------------
This scan used axe-core axeVersion (https://github.com/dequelabs/axe-core/releases/tag/vaxeVersion) with userAgent.
"
`;

exports[`ResultConsoleLogBuilder with baseline builds content when there are no new failures and baseline failures are undefined 1`] = `
"
Accessibility Insights

No failures detected
No failures were detected by automatic scanning.

Next step: Manually assess keyboard accessibility with Accessibility Insights Tab Stops (https://accessibilityinsights.io/docs/en/web/getstarted/fastpass/#complete-the-manual-test-for-tab-stops)

Baseline not configured
A baseline lets you mark known failures so it's easier to identify new failures as they're introduced. See baselining docs (https://github.com/microsoft/accessibility-insights-action/blob/main/docs/ado-extension-usage.md#using-a-baseline-file) for more.

See scan details by downloading the report from run artifacts (artifacts-url)

-------------------
Scan summary
URLs: 0 with failures, 1 passed, 7 not scannable
Rules: 0 with failures, 1 passed, 2 not applicable

-------------------
This scan used axe-core axeVersion (https://github.com/dequelabs/axe-core/releases/tag/vaxeVersion) with userAgent.
"
`;

exports[`ResultConsoleLogBuilder with baseline builds content when there are no new failures and no baseline detected 1`] = `
"
Accessibility Insights

No failures detected
No failures were detected by automatic scanning.

Next step: Manually assess keyboard accessibility with Accessibility Insights Tab Stops (https://accessibilityinsights.io/docs/en/web/getstarted/fastpass/#complete-the-manual-test-for-tab-stops)

Baseline not detected
To update the baseline with these changes, copy the updated baseline file to scan arguments (artifacts-url). See baselining docs (https://github.com/microsoft/accessibility-insights-action/blob/main/docs/ado-extension-usage.md#using-a-baseline-file) for more.

See scan details by downloading the report from run artifacts (artifacts-url)

-------------------
Scan summary
URLs: 0 with failures, 1 passed, 7 not scannable
Rules: 0 with failures, 1 passed, 2 not applicable

-------------------
This scan used axe-core axeVersion (https://github.com/dequelabs/axe-core/releases/tag/vaxeVersion) with userAgent.
"
`;

exports[`ResultConsoleLogBuilder with baseline builds content when there is no baseline configured 1`] = `
"
Accessibility Insights

6 failure instances
* (5) rule id:  rule description
* (1) rule id 2:  rule description 2

Baseline not configured
A baseline lets you mark known failures so it's easier to identify new failures as they're introduced. See baselining docs (https://github.com/microsoft/accessibility-insights-action/blob/main/docs/ado-extension-usage.md#using-a-baseline-file) for more.

See all failures and scan details by downloading the report from run artifacts (artifacts-url)

-------------------
Scan summary
URLs: 5 with failures, 1 passed, 7 not scannable
Rules: 2 with failures, 1 passed, 2 not applicable

-------------------
This scan used axe-core axeVersion (https://github.com/dequelabs/axe-core/releases/tag/vaxeVersion) with userAgent.
"
`;
