// Jest Snapshot v1, https://goo.gl/fbAQLP

exports[`AllProgressReporter complete should rethrow an AggregateError if multiple reporters throw 1`] = `
"Multiple progress reporters encountered Errors
    error from failingReporter
    error from failingReporter"
`;

exports[`AllProgressReporter didScanSucceed should rethrow an AggregateError if multiple reporters throw 1`] = `
"Multiple progress reporters encountered Errors
    error from failingReporter
    error from failingReporter"
`;

exports[`AllProgressReporter failRun should rethrow an AggregateError if multiple reporters throw 1`] = `
"Multiple progress reporters encountered Errors
    error from failingReporter
    error from failingReporter"
`;

exports[`AllProgressReporter start should rethrow an AggregateError if multiple reporters throw 1`] = `
"Multiple progress reporters encountered Errors
    error from failingReporter
    error from failingReporter"
`;
