// Jest Snapshot v1, https://goo.gl/fbAQLP

exports[`AdoWorkflowEnforcer completeRun with baseline and failOnAccessibilityError=false fails with pinned error log if baseline needs to be updated 1`] = `
Array [
  "[info] ##vso[task.logissue type=error;sourcepath=/some/file] The baseline file does not match scan results.",
]
`;

exports[`AdoWorkflowEnforcer completeRun with baseline and failOnAccessibilityError=true fails with pinned error log if baseline needs to be updated 1`] = `
Array [
  "[info] ##vso[task.logissue type=error;sourcepath=/some/file] The baseline file does not match scan results.",
]
`;

exports[`AdoWorkflowEnforcer completeRun without baseline fails with pinned error log if accessibility error occurs and failOnAccessibilityError=true 1`] = `
Array [
  "[error] Accessibility error(s) were found. To see all failures and scan details, visit the Extensions tab and download the accessibility report.",
  "[info] To prevent accessibility errors from failing your build, you can:
* Use a baseline file to avoid failing for known issues, or
* Set the failOnAccessibilityError task input to false to avoid failing for all issues",
]
`;
